<table>
  <thead>
    <tr>
      <th>Name</th>
      <th>Venue</th>
      <th>Date</th>
    </tr>
  </thead>
  <tbody>

      <tr>
        <td>Test show 1</td>
        <td>Your mom's house</td>
        <td>
          Saturday, May 30

        </td>
        <td>

            <a href="https://buydemtickets.com/test-show-1">Tickets</a>

        </td>
        <td>
          <a href="https://calendar.google.com/calendar/render?action=TEMPLATE&text=Test+show+1&dates=20150530T220000/20150531T000000&location=Your+mom's+house&details=https://buydemtickets.com/test-show-1">Add to calendar</a>
        </td>
      </tr>

      <tr>
        <td>Test festival (aka Testival)</td>
        <td>Woodbine Park</td>
        <td>
          Wednesday, July 15
           &ndash; Saturday, July 18
        </td>
        <td>

        </td>
        <td>
          <a href="https://calendar.google.com/calendar/render?action=TEMPLATE&text=Test+festival+(aka+Testival)&dates=20150715/20150718&location=Woodbine+Park&details=">Add to calendar</a>
        </td>
      </tr>

  </tbody>
</table>
